[  0%] Built target actionlib_msgs_generate_messages_lisp
[  0%] Built target geometry_msgs_generate_messages_eus
[  0%] Built target tf2_msgs_generate_messages_nodejs
[  0%] Built target actionlib_msgs_generate_messages_nodejs
[  0%] Built target rosgraph_msgs_generate_messages_cpp
[  0%] Built target actionlib_generate_messages_nodejs
[  0%] Built target actionlib_generate_messages_py
[  0%] Built target tf2_msgs_generate_messages_lisp
[  0%] Built target roscpp_generate_messages_nodejs
[  0%] Built target actionlib_generate_messages_eus
[  0%] Built target std_msgs_generate_messages_eus
[  0%] Built target actionlib_msgs_generate_messages_cpp
[  0%] Built target geometry_msgs_generate_messages_lisp
[  0%] Built target rosgraph_msgs_generate_messages_eus
[  0%] Built target sensor_msgs_generate_messages_py
[  0%] Built target tf2_msgs_generate_messages_py
[ 33%] Built target drone_projection_node
[ 33%] Built target geometry_msgs_generate_messages_py
[ 33%] Built target geometry_msgs_generate_messages_cpp
[ 33%] Built target geometry_msgs_generate_messages_nodejs
[ 33%] Built target sensor_msgs_generate_messages_lisp
[ 33%] Built target roscpp_generate_messages_eus
[ 33%] Built target sensor_msgs_generate_messages_nodejs
[ 33%] Built target tf2_msgs_generate_messages_eus
[ 33%] Built target roscpp_generate_messages_py
[ 33%] Built target sensor_msgs_generate_messages_eus
[ 33%] Built target rosgraph_msgs_generate_messages_py
[ 33%] Built target std_msgs_generate_messages_lisp
[ 33%] Built target actionlib_msgs_generate_messages_eus
[ 33%] Built target rosgraph_msgs_generate_messages_lisp
[ 33%] Built target roscpp_generate_messages_cpp
[ 33%] Built target actionlib_generate_messages_lisp
[ 33%] Built target actionlib_msgs_generate_messages_py
[ 33%] Built target roscpp_generate_messages_lisp
[ 33%] Built target actionlib_generate_messages_cpp
[ 33%] Built target tf2_msgs_generate_messages_cpp
[ 33%] Built target rosgraph_msgs_generate_messages_nodejs
[ 33%] Built target std_msgs_generate_messages_py
[ 33%] Built target std_msgs_generate_messages_cpp
[ 33%] Built target sensor_msgs_generate_messages_cpp
[ 33%] Built target std_msgs_generate_messages_nodejs
[ 66%] Built target drone2_vertical_square_node
[100%] Built target drone1_spin_up_down_node
