Performing C SOURCE FILE Test CMAKE_HAVE_LIBC_PTHREAD failed with the following output:
Change Dir: /home/germanrv/drone_ws/build/mavros/CMakeFiles/CMakeTmp

Run Build Command(s):/usr/bin/make cmTC_774d7/fast && /usr/bin/make -f CMakeFiles/cmTC_774d7.dir/build.make CMakeFiles/cmTC_774d7.dir/build
make[1]: se entra en el directorio '/home/germanrv/drone_ws/build/mavros/CMakeFiles/CMakeTmp'
Building C object CMakeFiles/cmTC_774d7.dir/src.c.o
/usr/lib/ccache/cc   -DCMAKE_HAVE_LIBC_PTHREAD   -o CMakeFiles/cmTC_774d7.dir/src.c.o   -c /home/germanrv/drone_ws/build/mavros/CMakeFiles/CMakeTmp/src.c
Linking C executable cmTC_774d7
/usr/bin/cmake -E cmake_link_script CMakeFiles/cmTC_774d7.dir/link.txt --verbose=1
/usr/lib/ccache/cc  -DCMAKE_HAVE_LIBC_PTHREAD    -rdynamic CMakeFiles/cmTC_774d7.dir/src.c.o  -o cmTC_774d7 
/usr/bin/ld: CMakeFiles/cmTC_774d7.dir/src.c.o: en la función `main':
src.c:(.text+0x46): referencia a `pthread_create' sin definir
/usr/bin/ld: src.c:(.text+0x52): referencia a `pthread_detach' sin definir
/usr/bin/ld: src.c:(.text+0x63): referencia a `pthread_join' sin definir
collect2: error: ld returned 1 exit status
make[1]: *** [CMakeFiles/cmTC_774d7.dir/build.make:87: cmTC_774d7] Error 1
make[1]: se sale del directorio '/home/germanrv/drone_ws/build/mavros/CMakeFiles/CMakeTmp'
make: *** [Makefile:121: cmTC_774d7/fast] Error 2


Source file was:
#include <pthread.h>

void* test_func(void* data)
{
  return data;
}

int main(void)
{
  pthread_t thread;
  pthread_create(&thread, NULL, test_func, NULL);
  pthread_detach(thread);
  pthread_join(thread, NULL);
  pthread_atfork(NULL, NULL, NULL);
  pthread_exit(NULL);

  return 0;
}

Determining if the function pthread_create exists in the pthreads failed with the following output:
Change Dir: /home/germanrv/drone_ws/build/mavros/CMakeFiles/CMakeTmp

Run Build Command(s):/usr/bin/make cmTC_b55db/fast && /usr/bin/make -f CMakeFiles/cmTC_b55db.dir/build.make CMakeFiles/cmTC_b55db.dir/build
make[1]: se entra en el directorio '/home/germanrv/drone_ws/build/mavros/CMakeFiles/CMakeTmp'
Building C object CMakeFiles/cmTC_b55db.dir/CheckFunctionExists.c.o
/usr/lib/ccache/cc   -DCHECK_FUNCTION_EXISTS=pthread_create   -o CMakeFiles/cmTC_b55db.dir/CheckFunctionExists.c.o   -c /usr/share/cmake-3.16/Modules/CheckFunctionExists.c
Linking C executable cmTC_b55db
/usr/bin/cmake -E cmake_link_script CMakeFiles/cmTC_b55db.dir/link.txt --verbose=1
/usr/lib/ccache/cc  -DCHECK_FUNCTION_EXISTS=pthread_create    -rdynamic CMakeFiles/cmTC_b55db.dir/CheckFunctionExists.c.o  -o cmTC_b55db  -lpthreads 
/usr/bin/ld: no se puede encontrar -lpthreads
collect2: error: ld returned 1 exit status
make[1]: *** [CMakeFiles/cmTC_b55db.dir/build.make:87: cmTC_b55db] Error 1
make[1]: se sale del directorio '/home/germanrv/drone_ws/build/mavros/CMakeFiles/CMakeTmp'
make: *** [Makefile:121: cmTC_b55db/fast] Error 2



